
> pucv2-english-refactor@5.0.0 build
> tsc -p src/tsconfig.json --noEmit

node.exe : "tsc" no se 
reconoce como un 
comando interno o 
externo,
En línea: 1 Carácter: 1
+ & "C:\Program 
Files\nodejs/node.exe" 
"C:\Users\Usuario\AppDa
ta\Roamin ...
+ ~~~~~~~~~~~~~~~~~~~~~
~~~~~~~~~~~~~~~~~~~~~~~
~~~~~~~~~~~~~~~~~~~~~~~
~~
    + CategoryInfo     
         : NotSpecifi  
  ed: ("tsc" no se r   
 ec...erno o extern    
o,:String) [], Rem    
oteException
    + FullyQualifiedEr 
   rorId : NativeComm  
  andError
 
programa o archivo por 
lotes ejecutable.
